run_id=final-clean-v3
raw_records=247
cleaned_records=35
quarantine_records=212
cleaned_csv=artifacts\cleaned\cleaned_final-clean-v3.csv
quarantine_csv=artifacts\quarantine\quarantine_final-clean-v3.csv
expectation[min_one_row] OK (halt) :: cleaned_rows=35
expectation[no_empty_doc_id] OK (halt) :: empty_doc_id_count=0
expectation[refund_no_stale_14d_window] OK (halt) :: violations=0
expectation[chunk_min_length_8] OK (warn) :: short_chunks=0
expectation[effective_date_iso_yyyy_mm_dd] OK (halt) :: non_iso_rows=0
expectation[hr_leave_no_stale_10d_annual] OK (halt) :: violations=0
expectation[all_canonical_docs_present] OK (halt) :: missing=[]
expectation[only_registered_doc_ids] OK (halt) :: unexpected=[]
expectation[unique_nonempty_chunk_ids] OK (halt) :: empty=0, duplicates=0
expectation[exported_at_iso_datetime] OK (halt) :: non_iso_rows=0
expectation[no_ambiguous_parser_markers] OK (warn) :: violations=0
embed_prune_removed=1
embed_upsert count=35 collection=day10_kb
manifest_written=artifacts\manifests\manifest_final-clean-v3.json
freshness_check=FAIL {"latest_exported_at": "2026-04-11T00:00:00", "age_hours": 1455.66, "sla_hours": 24.0, "reason": "freshness_sla_exceeded"}
PIPELINE_OK
run_id=final-clean-v3
raw_records=247
cleaned_records=35
quarantine_records=212
cleaned_csv=artifacts\cleaned\cleaned_final-clean-v3.csv
quarantine_csv=artifacts\quarantine\quarantine_final-clean-v3.csv
expectation[min_one_row] OK (halt) :: cleaned_rows=35
expectation[no_empty_doc_id] OK (halt) :: empty_doc_id_count=0
expectation[refund_no_stale_14d_window] OK (halt) :: violations=0
expectation[chunk_min_length_8] OK (warn) :: short_chunks=0
expectation[effective_date_iso_yyyy_mm_dd] OK (halt) :: non_iso_rows=0
expectation[hr_leave_no_stale_10d_annual] OK (halt) :: violations=0
expectation[all_canonical_docs_present] OK (halt) :: missing=[]
expectation[only_registered_doc_ids] OK (halt) :: unexpected=[]
expectation[unique_nonempty_chunk_ids] OK (halt) :: empty=0, duplicates=0
expectation[exported_at_iso_datetime] OK (halt) :: non_iso_rows=0
expectation[no_ambiguous_parser_markers] OK (warn) :: violations=0
embed_upsert count=35 collection=day10_kb
manifest_written=artifacts\manifests\manifest_final-clean-v3.json
freshness_check=FAIL {"latest_exported_at": "2026-04-11T00:00:00", "age_hours": 1455.718, "sla_hours": 24.0, "reason": "freshness_sla_exceeded"}
PIPELINE_OK
